Command: /root/.espressif/python_env/idf5.5_py3.10_env/bin/python /root/esp-idf/tools/idf_monitor.py -p socket://localhost:5555 -b 115200 --toolchain-prefix xtensa-esp32-elf- --target esp32 --revision 0 /root/smart-home-project/mqtt-test/build/mqtt-test.elf /root/smart-home-project/mqtt-test/build/bootloader/bootloader.elf -m '/root/.espressif/python_env/idf5.5_py3.10_env/bin/python' '/root/esp-idf/tools/idf.py'
ets Jul 29 2019 12:21:46

rst:0x1 (POWERON_RESET),boot:0x12 (SPI_FAST_FLASH_BOOT)
configsip: 0, SPIWP:0xee
clk_drv:0x00,q_drv:0x00,d_drv:0x00,cs0_drv:0x00,hd_drv:0x00,wp_drv:0x00
mode:DIO, clock div:2
load:0x3fff0030,len:6368
load:0x40078000,len:15880
load:0x40080400,len:3860
entry 0x40080638
[0;32mI (708) boot: ESP-IDF v5.5-dev-2119-g0461e2ff88 2nd stage bootloader[0m
[0;32mI (709) boot: compile time Feb 28 2025 14:50:09[0m
[0;32mI (709) boot: Multicore bootloader[0m
[0;32mI (769) boot: chip revision: v3.0[0m
[0;32mI (771) boot.esp32: SPI Speed      : 40MHz[0m
[0;32mI (771) boot.esp32: SPI Mode       : DIO[0m
[0;32mI (771) boot.esp32: SPI Flash Size : 2MB[0m
[0;32mI (780) boot: Enabling RNG early entropy source...[0m
[0;32mI (791) boot: Partition Table:[0m
[0;32mI (791) boot: ## Label            Usage          Type ST Offset   Length[0m
[0;32mI (791) boot:  0 nvs              WiFi data        01 02 00009000 00006000[0m
[0;32mI (792) boot:  1 phy_init         RF data          01 01 0000f000 00001000[0m
[0;32mI (792) boot:  2 factory          factory app      00 00 00010000 00100000[0m
[0;32mI (799) boot: End of partition table[0m
[0;32mI (861) esp_image: segment 0: paddr=00010020 vaddr=3f400020 size=15dc8h ( 89544) map[0m
[0;32mI (895) esp_image: segment 1: paddr=00025df0 vaddr=3ff80000 size=0001ch (    28) load[0m
[0;32mI (921) esp_image: segment 2: paddr=00025e14 vaddr=3ffb0000 size=023d4h (  9172) load[0m
[0;32mI (947) esp_image: segment 3: paddr=000281f0 vaddr=40080000 size=07e28h ( 32296) load[0m
[0;32mI (976) esp_image: segment 4: paddr=00030020 vaddr=400d0020 size=52acch (338636) map[0m
[0;32mI (1025) esp_image: segment 5: paddr=00082af4 vaddr=40087e28 size=0599ch ( 22940) load[0m
[0;32mI (1117) boot: Loaded app from partition at offset 0x10000[0m
[0;32mI (1117) boot: Disabling RNG early entropy source...[0m
[0;32mI (1136) cpu_start: Multicore app[0m
[0;32mI (1950) cpu_start: Pro cpu start user code[0m
[0;32mI (1951) cpu_start: cpu freq: 160000000 Hz[0m
[0;32mI (1951) app_init: Application information:[0m
[0;32mI (1951) app_init: Project name:     mqtt-test[0m
[0;32mI (1951) app_init: App version:      1[0m
[0;32mI (1951) app_init: Compile time:     Feb 28 2025 14:50:07[0m
[0;32mI (1951) app_init: ELF file SHA256:  cb5b5471e...[0m
[0;32mI (1952) app_init: ESP-IDF:          v5.5-dev-2119-g0461e2ff88[0m
[0;32mI (1952) efuse_init: Min chip rev:     v0.0[0m
[0;32mI (1952) efuse_init: Max chip rev:     v3.99 [0m
[0;32mI (1952) efuse_init: Chip rev:         v3.0[0m
[0;32mI (1953) heap_init: Initializing. RAM available for dynamic allocation:[0m
[0;32mI (1954) heap_init: At 3FFAE6E0 len 00001920 (6 KiB): DRAM[0m
[0;32mI (1954) heap_init: At 3FFB3CA8 len 0002C358 (176 KiB): DRAM[0m
[0;32mI (1954) heap_init: At 3FFE0440 len 00003AE0 (14 KiB): D/IRAM[0m
[0;32mI (1954) heap_init: At 3FFE4350 len 0001BCB0 (111 KiB): D/IRAM[0m
[0;32mI (1954) heap_init: At 4008D7C4 len 0001283C (74 KiB): IRAM[0m
[0;32mI (1980) spi_flash: detected chip: winbond[0m
[0;32mI (1983) spi_flash: flash io: dio[0m
[0;32mI (1991) main_task: Started on CPU0[0m
[0;32mI (2001) main_task: Calling app_main()[0m
ESP32 MQTT Emulation Started...
MQTT event received, event_id=7
[1;31mE (2021) esp-tls: [sock=54] delayed connect error: Connection reset by peer[0m
[1;31mE (2021) transport_base: Failed to open a new connection: 32772[0m
[1;31mE (2021) mqtt_client: Error transport connect[0m
MQTT event received, event_id=0
MQTT event received, event_id=2
MQTT event received, event_id=7
[1;31mE (17021) esp-tls: [sock=54] delayed connect error: Connection reset by peer[0m
[1;31mE (17021) transport_base: Failed to open a new connection: 32772[0m
[1;31mE (17021) mqtt_client: Error transport connect[0m
MQTT event received, event_id=0
MQTT event received, event_id=2
MQTT event received, event_id=7
[1;31mE (32021) esp-tls: [sock=54] delayed connect error: Connection reset by peer[0m
[1;31mE (32021) transport_base: Failed to open a new connection: 32772[0m
[1;31mE (32021) mqtt_client: Error transport connect[0m
MQTT event received, event_id=0
MQTT event received, event_id=2
